[0m11:23:32.848635 [debug] [MainThread]: Sending event: {'category': 'dbt', 'action': 'invocation', 'label': 'start', 'context': [<snowplow_tracker.self_describing_json.SelfDescribingJson object at 0x0000013153162120>, <snowplow_tracker.self_describing_json.SelfDescribingJson object at 0x0000013155B8BED0>, <snowplow_tracker.self_describing_json.SelfDescribingJson object at 0x0000013155B8BC50>]}


============================== 11:23:32.877115 | 5a409c0d-816a-4aa1-af45-99415f1c0134 ==============================
[0m11:23:32.877115 [info ] [MainThread]: Running with dbt=1.7.19
[0m11:23:32.878001 [debug] [MainThread]: running dbt with arguments {'printer_width': '80', 'indirect_selection': 'eager', 'write_json': 'True', 'log_cache_events': 'False', 'partial_parse': 'True', 'cache_selected_only': 'False', 'profiles_dir': 'C:\\Users\\gaudi\\.dbt', 'version_check': 'True', 'fail_fast': 'False', 'log_path': 'logs', 'warn_error': 'None', 'debug': 'False', 'use_colors': 'True', 'use_experimental_parser': 'False', 'no_print': 'None', 'quiet': 'False', 'warn_error_options': 'WarnErrorOptions(include=[], exclude=[])', 'invocation_command': 'dbt init', 'static_parser': 'True', 'introspect': 'True', 'target_path': 'None', 'log_format': 'default', 'send_anonymous_usage_stats': 'True'}
[0m11:23:32.878930 [warn ] [MainThread]: [ConfigFolderDirectory]: Unable to parse dict {'dir': WindowsPath('C:/Users/gaudi/.dbt')}
[0m11:23:32.879732 [info ] [MainThread]: Creating dbt configuration folder at 
[0m11:24:09.028032 [debug] [MainThread]: Starter project path: C:\Users\gaudi\OneDrive\Documents\DBT\.venv\Lib\site-packages\dbt\include\starter_project
[0m11:24:09.101880 [info ] [MainThread]: 
Your new dbt project "dbt_model" was created!

For more information on how to configure the profiles.yml file,
please consult the dbt documentation here:

  https://docs.getdbt.com/docs/configure-your-profile

One more thing:

Need help? Don't hesitate to reach out to us via GitHub issues or on Slack:

  https://community.getdbt.com/

Happy modeling!

[0m11:24:09.103546 [info ] [MainThread]: Setting up your profile.
[0m11:24:31.237607 [info ] [MainThread]: Profile dbt_model written to C:\Users\gaudi\.dbt\profiles.yml using target's sample configuration. Once updated, you'll be able to start developing with dbt.
[0m11:24:31.241335 [debug] [MainThread]: Command `dbt init` succeeded at 11:24:31.240646 after 58.71 seconds
[0m11:24:31.242036 [debug] [MainThread]: Sending event: {'category': 'dbt', 'action': 'invocation', 'label': 'end', 'context': [<snowplow_tracker.self_describing_json.SelfDescribingJson object at 0x000001314F076650>, <snowplow_tracker.self_describing_json.SelfDescribingJson object at 0x0000013156ED9A30>, <snowplow_tracker.self_describing_json.SelfDescribingJson object at 0x0000013156F2D260>]}
[0m11:24:31.243064 [debug] [MainThread]: Flushing usage events
